Archive member included to satisfy reference by file (symbol)

c:/program files (x86)/atmel/studio/7.0/toolchain/arm/arm-gnu-toolchain/bin/../lib/gcc/arm-none-eabi/6.2.1/../../../../arm-none-eabi/lib/thumb/v6-m\libc.a(lib_a-exit.o)
                              c:/program files (x86)/atmel/studio/7.0/toolchain/arm/arm-gnu-toolchain/bin/../lib/gcc/arm-none-eabi/6.2.1/../../../../arm-none-eabi/lib/thumb/v6-m/crt0.o (exit)
c:/program files (x86)/atmel/studio/7.0/toolchain/arm/arm-gnu-toolchain/bin/../lib/gcc/arm-none-eabi/6.2.1/../../../../arm-none-eabi/lib/thumb/v6-m\libc.a(lib_a-impure.o)
                              c:/program files (x86)/atmel/studio/7.0/toolchain/arm/arm-gnu-toolchain/bin/../lib/gcc/arm-none-eabi/6.2.1/../../../../arm-none-eabi/lib/thumb/v6-m\libc.a(lib_a-exit.o) (_global_impure_ptr)
c:/program files (x86)/atmel/studio/7.0/toolchain/arm/arm-gnu-toolchain/bin/../lib/gcc/arm-none-eabi/6.2.1/../../../../arm-none-eabi/lib/thumb/v6-m\libc.a(lib_a-init.o)
                              c:/program files (x86)/atmel/studio/7.0/toolchain/arm/arm-gnu-toolchain/bin/../lib/gcc/arm-none-eabi/6.2.1/../../../../arm-none-eabi/lib/thumb/v6-m/crt0.o (__libc_init_array)
c:/program files (x86)/atmel/studio/7.0/toolchain/arm/arm-gnu-toolchain/bin/../lib/gcc/arm-none-eabi/6.2.1/../../../../arm-none-eabi/lib/thumb/v6-m\libc.a(lib_a-memcpy-stub.o)
                              spi.o (memcpy)
c:/program files (x86)/atmel/studio/7.0/toolchain/arm/arm-gnu-toolchain/bin/../lib/gcc/arm-none-eabi/6.2.1/../../../../arm-none-eabi/lib/thumb/v6-m\libc.a(lib_a-memset.o)
                              c:/program files (x86)/atmel/studio/7.0/toolchain/arm/arm-gnu-toolchain/bin/../lib/gcc/arm-none-eabi/6.2.1/../../../../arm-none-eabi/lib/thumb/v6-m/crt0.o (memset)
c:/program files (x86)/atmel/studio/7.0/toolchain/arm/arm-gnu-toolchain/bin/../lib/gcc/arm-none-eabi/6.2.1/../../../../arm-none-eabi/lib/thumb/v6-m\libc.a(lib_a-rand.o)
                              main.o (srand)
c:/program files (x86)/atmel/studio/7.0/toolchain/arm/arm-gnu-toolchain/bin/../lib/gcc/arm-none-eabi/6.2.1/../../../../arm-none-eabi/lib/thumb/v6-m\libc.a(lib_a-strlen-stub.o)
                              video.o (strlen)
c:/program files (x86)/atmel/studio/7.0/toolchain/arm/arm-gnu-toolchain/bin/../lib/gcc/arm-none-eabi/6.2.1/../../../../arm-none-eabi/lib/thumb/v6-m\libc.a(lib_a-__call_atexit.o)
                              c:/program files (x86)/atmel/studio/7.0/toolchain/arm/arm-gnu-toolchain/bin/../lib/gcc/arm-none-eabi/6.2.1/../../../../arm-none-eabi/lib/thumb/v6-m\libc.a(lib_a-exit.o) (__call_exitprocs)
c:/program files (x86)/atmel/studio/7.0/toolchain/arm/arm-gnu-toolchain/bin/../lib/gcc/arm-none-eabi/6.2.1/../../../../arm-none-eabi/lib/thumb/v6-m\libc.a(lib_a-atexit.o)
                              c:/program files (x86)/atmel/studio/7.0/toolchain/arm/arm-gnu-toolchain/bin/../lib/gcc/arm-none-eabi/6.2.1/../../../../arm-none-eabi/lib/thumb/v6-m\libc.a(lib_a-__call_atexit.o) (atexit)
c:/program files (x86)/atmel/studio/7.0/toolchain/arm/arm-gnu-toolchain/bin/../lib/gcc/arm-none-eabi/6.2.1/../../../../arm-none-eabi/lib/thumb/v6-m\libc.a(lib_a-fini.o)
                              c:/program files (x86)/atmel/studio/7.0/toolchain/arm/arm-gnu-toolchain/bin/../lib/gcc/arm-none-eabi/6.2.1/../../../../arm-none-eabi/lib/thumb/v6-m\libc.a(lib_a-__call_atexit.o) (__libc_fini_array)
c:/program files (x86)/atmel/studio/7.0/toolchain/arm/arm-gnu-toolchain/bin/../lib/gcc/arm-none-eabi/6.2.1/../../../../arm-none-eabi/lib/thumb/v6-m\libc.a(lib_a-__atexit.o)
                              c:/program files (x86)/atmel/studio/7.0/toolchain/arm/arm-gnu-toolchain/bin/../lib/gcc/arm-none-eabi/6.2.1/../../../../arm-none-eabi/lib/thumb/v6-m\libc.a(lib_a-atexit.o) (__register_exitproc)
c:/program files (x86)/atmel/studio/7.0/toolchain/arm/arm-gnu-toolchain/bin/../lib/gcc/arm-none-eabi/6.2.1/thumb/v6-m\libgcc.a(_muldi3.o)
                              c:/program files (x86)/atmel/studio/7.0/toolchain/arm/arm-gnu-toolchain/bin/../lib/gcc/arm-none-eabi/6.2.1/../../../../arm-none-eabi/lib/thumb/v6-m\libc.a(lib_a-rand.o) (__aeabi_lmul)

Allocating common symbols
Common symbol       size              file

led_values          0x20              main.o

Discarded input sections

 .text          0x00000000        0x0 c:/program files (x86)/atmel/studio/7.0/toolchain/arm/arm-gnu-toolchain/bin/../lib/gcc/arm-none-eabi/6.2.1/thumb/v6-m/crti.o
 .data          0x00000000        0x0 c:/program files (x86)/atmel/studio/7.0/toolchain/arm/arm-gnu-toolchain/bin/../lib/gcc/arm-none-eabi/6.2.1/thumb/v6-m/crti.o
 .bss           0x00000000        0x0 c:/program files (x86)/atmel/studio/7.0/toolchain/arm/arm-gnu-toolchain/bin/../lib/gcc/arm-none-eabi/6.2.1/thumb/v6-m/crti.o
 .data          0x00000000        0x4 c:/program files (x86)/atmel/studio/7.0/toolchain/arm/arm-gnu-toolchain/bin/../lib/gcc/arm-none-eabi/6.2.1/thumb/v6-m/crtbegin.o
[...]
Memory Configuration

Name             Origin             Length             Attributes
rom              0x00000000         0x00040000         xr
ram              0x20000000         0x00008000         xrw
*default*        0x00000000         0xffffffff

Linker script and memory map

LOAD c:/program files (x86)/atmel/studio/7.0/toolchain/arm/arm-gnu-toolchain/bin/../lib/gcc/arm-none-eabi/6.2.1/thumb/v6-m/crti.o
LOAD c:/program files (x86)/atmel/studio/7.0/toolchain/arm/arm-gnu-toolchain/bin/../lib/gcc/arm-none-eabi/6.2.1/thumb/v6-m/crtbegin.o
LOAD c:/program files (x86)/atmel/studio/7.0/toolchain/arm/arm-gnu-toolchain/bin/../lib/gcc/arm-none-eabi/6.2.1/../../../../arm-none-eabi/lib/thumb/v6-m/crt0.o
LOAD buttons.o
LOAD counter.o
LOAD Device_Startup/startup_samd21.o
LOAD Device_Startup/system_samd21.o
LOAD event.o
LOAD font.o
LOAD main.o
LOAD spi.o
LOAD timer.o
LOAD video.o
START GROUP
LOAD c:/program files (x86)/atmel/studio/7.0/toolchain/arm/arm-gnu-toolchain/bin/../lib/gcc/arm-none-eabi/6.2.1/../../../../arm-none-eabi/lib/thumb/v6-m\libm.a
END GROUP
START GROUP
LOAD c:/program files (x86)/atmel/studio/7.0/toolchain/arm/arm-gnu-toolchain/bin/../lib/gcc/arm-none-eabi/6.2.1/thumb/v6-m\libgcc.a
LOAD c:/program files (x86)/atmel/studio/7.0/toolchain/arm/arm-gnu-toolchain/bin/../lib/gcc/arm-none-eabi/6.2.1/../../../../arm-none-eabi/lib/thumb/v6-m\libc.a
END GROUP
LOAD c:/program files (x86)/atmel/studio/7.0/toolchain/arm/arm-gnu-toolchain/bin/../lib/gcc/arm-none-eabi/6.2.1/thumb/v6-m/crtend.o
LOAD c:/program files (x86)/atmel/studio/7.0/toolchain/arm/arm-gnu-toolchain/bin/../lib/gcc/arm-none-eabi/6.2.1/thumb/v6-m/crtn.o
                0x00002000                STACK_SIZE = DEFINED (STACK_SIZE)?STACK_SIZE:DEFINED (__stack_size__)?__stack_size__:0x2000

.text           0x00000000     0x1560
                0x00000000                . = ALIGN (0x4)
                0x00000000                _sfixed = .
 *(.vectors .vectors.*)
 .vectors       0x00000000       0xb4 Device_Startup/startup_samd21.o
                0x00000000                exception_table
 *(.text .text.* .gnu.linkonce.t.*)
 .text          0x000000b4       0x60 c:/program files (x86)/atmel/studio/7.0/toolchain/arm/arm-gnu-toolchain/bin/../lib/gcc/arm-none-eabi/6.2.1/thumb/v6-m/crtbegin.o
 .text.buttons_init
                0x00000114       0x44 buttons.o
                0x00000114                buttons_init
 .text.buttons_get
                0x00000158       0x28 buttons.o
                0x00000158                buttons_get
 .text.counter_set
                0x00000180       0x14 counter.o
                0x00000180                counter_set
 .text.counter_enable
                0x00000194       0x18 counter.o
                0x00000194                counter_enable
 .text.counter_disable
                0x000001ac       0x18 counter.o
                0x000001ac                counter_disable
 .text.counter_init
                0x000001c4       0xc8 counter.o
                0x000001c4                counter_init
 .text.TC3_Handler
                0x0000028c       0x40 counter.o
                0x0000028c                TC3_Handler
 .text.Dummy_Handler
                0x000002cc        0x2 Device_Startup/startup_samd21.o
                0x000002cc                DMAC_Handler
                0x000002cc                HardFault_Handler
                0x000002cc                AC_Handler
                0x000002cc                PendSV_Handler
                0x000002cc                NMI_Handler
                0x000002cc                SERCOM1_Handler
                0x000002cc                ADC_Handler
                0x000002cc                TCC1_Handler
                0x000002cc                SERCOM2_Handler
                0x000002cc                TCC0_Handler
                0x000002cc                RTC_Handler
                0x000002cc                EIC_Handler
                0x000002cc                WDT_Handler
                0x000002cc                TC4_Handler
                0x000002cc                USB_Handler
                0x000002cc                Dummy_Handler
                0x000002cc                PM_Handler
                0x000002cc                SERCOM5_Handler
                0x000002cc                SVC_Handler
                0x000002cc                TCC2_Handler
                0x000002cc                EVSYS_Handler
                0x000002cc                SERCOM3_Handler
                0x000002cc                I2S_Handler
                0x000002cc                NVMCTRL_Handler
                0x000002cc                SERCOM0_Handler
                0x000002cc                DAC_Handler
                0x000002cc                PTC_Handler
                0x000002cc                TC5_Handler
                0x000002cc                SYSCTRL_Handler
 *fill*         0x000002ce        0x2 
 .text.Reset_Handler
                0x000002d0       0xe4 Device_Startup/startup_samd21.o
                0x000002d0                Reset_Handler
 .text.SystemInit
                0x000003b4      0x1a0 Device_Startup/system_samd21.o
                0x000003b4                SystemInit
 .text.event_init
                0x00000554       0x44 event.o
                0x00000554                event_init
 .text.font_get
                0x00000598        0xc font.o
                0x00000598                font_get
 .text.bit_conversion
                0x000005a4       0x2c main.o
                0x000005a4                bit_conversion
 .text.red_set  0x000005d0       0x14 main.o
                0x000005d0                red_set
 .text.green_set
                0x000005e4       0x18 main.o
                0x000005e4                green_set
 .text.blue_set
                0x000005fc       0x18 main.o
                0x000005fc                blue_set
 .text.rgb_set  0x00000614       0x2c main.o
                0x00000614                rgb_set
 .text.led_active
                0x00000640       0x7c main.o
                0x00000640                led_active
 .text.main     0x000006bc      0x3d4 main.o
                0x000006bc                main
 .text.SysTick_Handler
                0x00000a90       0x1c main.o
                0x00000a90                SysTick_Handler
 .text.spi_init
                0x00000aac      0x110 spi.o
                0x00000aac                spi_init
 .text.spi_write_led
                0x00000bbc       0x4c spi.o
                0x00000bbc                spi_write_led
 .text.spi_write_video
                0x00000c08       0x2c spi.o
                0x00000c08                spi_write_video
 .text.disable_spi_interrupt
                0x00000c34       0x10 spi.o
                0x00000c34                disable_spi_interrupt
 .text.enable_spi_interrupt
                0x00000c44       0x38 spi.o
                0x00000c44                enable_spi_interrupt
 .text.spi_latch
                0x00000c7c        0xc spi.o
                0x00000c7c                spi_latch
 .text.spi_latch_clr
                0x00000c88        0xc spi.o
                0x00000c88                spi_latch_clr
 .text.SERCOM4_Handler
                0x00000c94       0x44 spi.o
                0x00000c94                SERCOM4_Handler
 .text.timer_set_per
                0x00000cd8       0x1c timer.o
                0x00000cd8                timer_set_per
 .text.timer_init
                0x00000cf4       0x98 timer.o
                0x00000cf4                timer_init
 .text.timer_enable
                0x00000d8c       0x10 timer.o
                0x00000d8c                timer_enable
 .text.video_index
                0x00000d9c       0x28 video.o
 .text.video    0x00000dc4       0x30 video.o
 .text.video_init
                0x00000df4      0x14c video.o
                0x00000df4                video_init
 .text.video_set_window
                0x00000f40       0x3c video.o
                0x00000f40                video_set_window
 .text.video_paint_rect
                0x00000f7c       0x94 video.o
                0x00000f7c                video_paint_rect
 .text.video_print_string
                0x00001010      0x1a8 video.o
                0x00001010                video_print_string
 .text.__libc_init_array
                0x000011b8       0x48 c:/program files (x86)/atmel/studio/7.0/toolchain/arm/arm-gnu-toolchain/bin/../lib/gcc/arm-none-eabi/6.2.1/../../../../arm-none-eabi/lib/thumb/v6-m\libc.a(lib_a-init.o)
                0x000011b8                __libc_init_array
 .text.memcpy   0x00001200       0x84 c:/program files (x86)/atmel/studio/7.0/toolchain/arm/arm-gnu-toolchain/bin/../lib/gcc/arm-none-eabi/6.2.1/../../../../arm-none-eabi/lib/thumb/v6-m\libc.a(lib_a-memcpy-stub.o)
                0x00001200                memcpy
 .text.srand    0x00001284       0x14 c:/program files (x86)/atmel/studio/7.0/toolchain/arm/arm-gnu-toolchain/bin/../lib/gcc/arm-none-eabi/6.2.1/../../../../arm-none-eabi/lib/thumb/v6-m\libc.a(lib_a-rand.o)
                0x00001284                srand
 .text.rand     0x00001298       0x34 c:/program files (x86)/atmel/studio/7.0/toolchain/arm/arm-gnu-toolchain/bin/../lib/gcc/arm-none-eabi/6.2.1/../../../../arm-none-eabi/lib/thumb/v6-m\libc.a(lib_a-rand.o)
                0x00001298                rand
 .text.strlen   0x000012cc       0x64 c:/program files (x86)/atmel/studio/7.0/toolchain/arm/arm-gnu-toolchain/bin/../lib/gcc/arm-none-eabi/6.2.1/../../../../arm-none-eabi/lib/thumb/v6-m\libc.a(lib_a-strlen-stub.o)
                0x000012cc                strlen
 .text.startup.register_fini
                0x00001330       0x18 c:/program files (x86)/atmel/studio/7.0/toolchain/arm/arm-gnu-toolchain/bin/../lib/gcc/arm-none-eabi/6.2.1/../../../../arm-none-eabi/lib/thumb/v6-m\libc.a(lib_a-__call_atexit.o)
 .text.atexit   0x00001348       0x10 c:/program files (x86)/atmel/studio/7.0/toolchain/arm/arm-gnu-toolchain/bin/../lib/gcc/arm-none-eabi/6.2.1/../../../../arm-none-eabi/lib/thumb/v6-m\libc.a(lib_a-atexit.o)
                0x00001348                atexit
 .text.__libc_fini_array
                0x00001358       0x34 c:/program files (x86)/atmel/studio/7.0/toolchain/arm/arm-gnu-toolchain/bin/../lib/gcc/arm-none-eabi/6.2.1/../../../../arm-none-eabi/lib/thumb/v6-m\libc.a(lib_a-fini.o)
                0x00001358                __libc_fini_array
 .text.__register_exitproc
                0x0000138c       0xd4 c:/program files (x86)/atmel/studio/7.0/toolchain/arm/arm-gnu-toolchain/bin/../lib/gcc/arm-none-eabi/6.2.1/../../../../arm-none-eabi/lib/thumb/v6-m\libc.a(lib_a-__atexit.o)
                0x0000138c                __register_exitproc
 .text          0x00001460       0x54 c:/program files (x86)/atmel/studio/7.0/toolchain/arm/arm-gnu-toolchain/bin/../lib/gcc/arm-none-eabi/6.2.1/thumb/v6-m\libgcc.a(_muldi3.o)
                0x00001460                __muldi3
                0x00001460                __aeabi_lmul
 *(.glue_7t)
 .glue_7t       0x000014b4        0x0 linker stubs
 *(.glue_7)
 .glue_7        0x000014b4        0x0 linker stubs
 *(.rodata .rodata* .gnu.linkonce.r.*)
 .rodata        0x000014b4       0x18 main.o
 .rodata.str1.4
                0x000014cc       0x6c main.o
 .rodata._global_impure_ptr
                0x00001538        0x4 c:/program files (x86)/atmel/studio/7.0/toolchain/arm/arm-gnu-toolchain/bin/../lib/gcc/arm-none-eabi/6.2.1/../../../../arm-none-eabi/lib/thumb/v6-m\libc.a(lib_a-impure.o)
                0x00001538                _global_impure_ptr
 *(.ARM.extab* .gnu.linkonce.armextab.*)
                0x0000153c                . = ALIGN (0x4)
 *(.init)
 .init          0x0000153c        0x4 c:/program files (x86)/atmel/studio/7.0/toolchain/arm/arm-gnu-toolchain/bin/../lib/gcc/arm-none-eabi/6.2.1/thumb/v6-m/crti.o
                0x0000153c                _init
 .init          0x00001540        0x8 c:/program files (x86)/atmel/studio/7.0/toolchain/arm/arm-gnu-toolchain/bin/../lib/gcc/arm-none-eabi/6.2.1/thumb/v6-m/crtn.o
                0x00001548                . = ALIGN (0x4)
                0x00001548                __preinit_array_start = .
 *(.preinit_array)
                0x00001548                __preinit_array_end = .
                0x00001548                . = ALIGN (0x4)
                0x00001548                __init_array_start = .
 *(SORT(.init_array.*))
 .init_array.00000
                0x00001548        0x4 c:/program files (x86)/atmel/studio/7.0/toolchain/arm/arm-gnu-toolchain/bin/../lib/gcc/arm-none-eabi/6.2.1/../../../../arm-none-eabi/lib/thumb/v6-m\libc.a(lib_a-__call_atexit.o)
 *(.init_array)
 .init_array    0x0000154c        0x4 c:/program files (x86)/atmel/studio/7.0/toolchain/arm/arm-gnu-toolchain/bin/../lib/gcc/arm-none-eabi/6.2.1/thumb/v6-m/crtbegin.o
                0x00001550                __init_array_end = .
                0x00001550                . = ALIGN (0x4)
 *crtbegin.o(.ctors)
 *(EXCLUDE_FILE(*crtend.o) .ctors)
 *(SORT(.ctors.*))
 *crtend.o(.ctors)
                0x00001550                . = ALIGN (0x4)
 *(.fini)
 .fini          0x00001550        0x4 c:/program files (x86)/atmel/studio/7.0/toolchain/arm/arm-gnu-toolchain/bin/../lib/gcc/arm-none-eabi/6.2.1/thumb/v6-m/crti.o
                0x00001550                _fini
 .fini          0x00001554        0x8 c:/program files (x86)/atmel/studio/7.0/toolchain/arm/arm-gnu-toolchain/bin/../lib/gcc/arm-none-eabi/6.2.1/thumb/v6-m/crtn.o
                0x0000155c                . = ALIGN (0x4)
                0x0000155c                __fini_array_start = .
 *(.fini_array)
 .fini_array    0x0000155c        0x4 c:/program files (x86)/atmel/studio/7.0/toolchain/arm/arm-gnu-toolchain/bin/../lib/gcc/arm-none-eabi/6.2.1/thumb/v6-m/crtbegin.o
 *(SORT(.fini_array.*))
                0x00001560                __fini_array_end = .
 *crtbegin.o(.dtors)
 *(EXCLUDE_FILE(*crtend.o) .dtors)
 *(SORT(.dtors.*))
 *crtend.o(.dtors)
                0x00001560                . = ALIGN (0x4)
                0x00001560                _efixed = .
                [!provide]                PROVIDE (__exidx_start, .)

.vfp11_veneer   0x00001560        0x0
 .vfp11_veneer  0x00001560        0x0 linker stubs

.v4_bx          0x00001560        0x0
 .v4_bx         0x00001560        0x0 linker stubs

.iplt           0x00001560        0x0
 .iplt          0x00001560        0x0 c:/program files (x86)/atmel/studio/7.0/toolchain/arm/arm-gnu-toolchain/bin/../lib/gcc/arm-none-eabi/6.2.1/thumb/v6-m/crtbegin.o

.eh_frame       0x00001560        0x0
 .eh_frame      0x00001560        0x0 c:/program files (x86)/atmel/studio/7.0/toolchain/arm/arm-gnu-toolchain/bin/../lib/gcc/arm-none-eabi/6.2.1/thumb/v6-m/crtbegin.o

.rel.dyn        0x00001560        0x0
 .rel.iplt      0x00001560        0x0 c:/program files (x86)/atmel/studio/7.0/toolchain/arm/arm-gnu-toolchain/bin/../lib/gcc/arm-none-eabi/6.2.1/thumb/v6-m/crtbegin.o

.jcr            0x00001560        0x0
 .jcr           0x00001560        0x0 c:/program files (x86)/atmel/studio/7.0/toolchain/arm/arm-gnu-toolchain/bin/../lib/gcc/arm-none-eabi/6.2.1/thumb/v6-m/crtbegin.o

.igot.plt       0x00001560        0x0
 .igot.plt      0x00001560        0x0 c:/program files (x86)/atmel/studio/7.0/toolchain/arm/arm-gnu-toolchain/bin/../lib/gcc/arm-none-eabi/6.2.1/thumb/v6-m/crtbegin.o

.ARM.exidx
 *(.ARM.exidx* .gnu.linkonce.armexidx.*)
                [!provide]                PROVIDE (__exidx_end, .)
                0x00001560                . = ALIGN (0x4)
                0x00001560                _etext = .

.relocate       0x20000000     0x1ad0 load address 0x00001560
                0x20000000                . = ALIGN (0x4)
                0x20000000                _srelocate = .
 *(.ramfunc .ramfunc.*)
 *(.data .data.*)
 .data          0x20000000        0x4 Device_Startup/system_samd21.o
                0x20000000                SystemCoreClock
 .data          0x20000004     0x16a0 font.o
 .data._impure_ptr
                0x200016a4        0x4 c:/program files (x86)/atmel/studio/7.0/toolchain/arm/arm-gnu-toolchain/bin/../lib/gcc/arm-none-eabi/6.2.1/../../../../arm-none-eabi/lib/thumb/v6-m\libc.a(lib_a-impure.o)
                0x200016a4                _impure_ptr
 .data.impure_data
                0x200016a8      0x428 c:/program files (x86)/atmel/studio/7.0/toolchain/arm/arm-gnu-toolchain/bin/../lib/gcc/arm-none-eabi/6.2.1/../../../../arm-none-eabi/lib/thumb/v6-m\libc.a(lib_a-impure.o)
                0x20001ad0                . = ALIGN (0x4)
                0x20001ad0                _erelocate = .

.bss            0x20001ad0       0x68 load address 0x00003030
                0x20001ad0                . = ALIGN (0x4)
                0x20001ad0                _sbss = .
                0x20001ad0                _szero = .
 *(.bss .bss.*)
 .bss           0x20001ad0       0x1c c:/program files (x86)/atmel/studio/7.0/toolchain/arm/arm-gnu-toolchain/bin/../lib/gcc/arm-none-eabi/6.2.1/thumb/v6-m/crtbegin.o
 *fill*         0x20001aec        0x4 
 .bss           0x20001af0        0x8 main.o
 .bss           0x20001af8       0x1d spi.o
 *(COMMON)
 *fill*         0x20001b15        0x3 
 COMMON         0x20001b18       0x20 main.o
                0x20001b18                led_values
                0x20001b38                . = ALIGN (0x4)
                0x20001b38                _ebss = .
                0x20001b38                _ezero = .

.stack          0x20001b38     0x2000 load address 0x00003098
                0x20001b38                . = ALIGN (0x8)
                0x20001b38                _sstack = .
                0x20003b38                . = (. + STACK_SIZE)
 *fill*         0x20001b38     0x2000 
                0x20003b38                . = ALIGN (0x8)
                0x20003b38                _estack = .
                0x20003b38                . = ALIGN (0x4)
                0x20003b38                _end = .
OUTPUT(SimonGame.elf elf32-littlearm)

.ARM.attributes
                0x00000000       0x28
 .ARM.attributes
                0x00000000       0x1e c:/program files (x86)/atmel/studio/7.0/toolchain/arm/arm-gnu-toolchain/bin/../lib/gcc/arm-none-eabi/6.2.1/thumb/v6-m/crti.o
 .ARM.attributes
                0x0000001e       0x2c c:/program files (x86)/atmel/studio/7.0/toolchain/arm/arm-gnu-toolchain/bin/../lib/gcc/arm-none-eabi/6.2.1/thumb/v6-m/crtbegin.o
 .ARM.attributes
                0x0000004a       0x32 buttons.o
 .ARM.attributes
                0x0000007c       0x32 counter.o
 .ARM.attributes
                0x000000ae       0x32 Device_Startup/startup_samd21.o
 .ARM.attributes
                0x000000e0       0x32 Device_Startup/system_samd21.o
 .ARM.attributes
                0x00000112       0x32 event.o
 .ARM.attributes
                0x00000144       0x32 font.o
 .ARM.attributes
                0x00000176       0x32 main.o
 .ARM.attributes
                0x000001a8       0x32 spi.o
 .ARM.attributes
                0x000001da       0x32 timer.o
 .ARM.attributes
                0x0000020c       0x32 video.o
 .ARM.attributes
                0x0000023e       0x2c c:/program files (x86)/atmel/studio/7.0/toolchain/arm/arm-gnu-toolchain/bin/../lib/gcc/arm-none-eabi/6.2.1/../../../../arm-none-eabi/lib/thumb/v6-m\libc.a(lib_a-impure.o)
 .ARM.attributes
                0x0000026a       0x2c c:/program files (x86)/atmel/studio/7.0/toolchain/arm/arm-gnu-toolchain/bin/../lib/gcc/arm-none-eabi/6.2.1/../../../../arm-none-eabi/lib/thumb/v6-m\libc.a(lib_a-init.o)
 .ARM.attributes
                0x00000296       0x2c c:/program files (x86)/atmel/studio/7.0/toolchain/arm/arm-gnu-toolchain/bin/../lib/gcc/arm-none-eabi/6.2.1/../../../../arm-none-eabi/lib/thumb/v6-m\libc.a(lib_a-memcpy-stub.o)
 .ARM.attributes
                0x000002c2       0x2c c:/program files (x86)/atmel/studio/7.0/toolchain/arm/arm-gnu-toolchain/bin/../lib/gcc/arm-none-eabi/6.2.1/../../../../arm-none-eabi/lib/thumb/v6-m\libc.a(lib_a-rand.o)
 .ARM.attributes
                0x000002ee       0x2c c:/program files (x86)/atmel/studio/7.0/toolchain/arm/arm-gnu-toolchain/bin/../lib/gcc/arm-none-eabi/6.2.1/../../../../arm-none-eabi/lib/thumb/v6-m\libc.a(lib_a-strlen-stub.o)
 .ARM.attributes
                0x0000031a       0x2c c:/program files (x86)/atmel/studio/7.0/toolchain/arm/arm-gnu-toolchain/bin/../lib/gcc/arm-none-eabi/6.2.1/../../../../arm-none-eabi/lib/thumb/v6-m\libc.a(lib_a-__call_atexit.o)
 .ARM.attributes
                0x00000346       0x2c c:/program files (x86)/atmel/studio/7.0/toolchain/arm/arm-gnu-toolchain/bin/../lib/gcc/arm-none-eabi/6.2.1/../../../../arm-none-eabi/lib/thumb/v6-m\libc.a(lib_a-atexit.o)
 .ARM.attributes
                0x00000372       0x2c c:/program files (x86)/atmel/studio/7.0/toolchain/arm/arm-gnu-toolchain/bin/../lib/gcc/arm-none-eabi/6.2.1/../../../../arm-none-eabi/lib/thumb/v6-m\libc.a(lib_a-fini.o)
 .ARM.attributes
                0x0000039e       0x2c c:/program files (x86)/atmel/studio/7.0/toolchain/arm/arm-gnu-toolchain/bin/../lib/gcc/arm-none-eabi/6.2.1/../../../../arm-none-eabi/lib/thumb/v6-m\libc.a(lib_a-__atexit.o)
 .ARM.attributes
                0x000003ca       0x2c c:/program files (x86)/atmel/studio/7.0/toolchain/arm/arm-gnu-toolchain/bin/../lib/gcc/arm-none-eabi/6.2.1/thumb/v6-m\libgcc.a(_muldi3.o)
 .ARM.attributes
                0x000003f6       0x1e c:/program files (x86)/atmel/studio/7.0/toolchain/arm/arm-gnu-toolchain/bin/../lib/gcc/arm-none-eabi/6.2.1/thumb/v6-m/crtn.o

.comment        0x00000000       0x59
 .comment       0x00000000       0x59 buttons.o
                                 0x5a (size before relaxing)
 .comment       0x00000059       0x5a counter.o
 .comment       0x00000059       0x5a Device_Startup/startup_samd21.o
 .comment       0x00000059       0x5a Device_Startup/system_samd21.o
 .comment       0x00000059       0x5a event.o
 .comment       0x00000059       0x5a font.o
 .comment       0x00000059       0x5a main.o
 .comment       0x00000059       0x5a spi.o
 .comment       0x00000059       0x5a timer.o
 .comment       0x00000059       0x5a video.o

.debug_info     0x00000000    0x142f2
 .debug_info    0x00000000      0x77f buttons.o
 .debug_info    0x0000077f     0x2339 counter.o
 .debug_info    0x00002ab8     0x3a27 Device_Startup/startup_samd21.o
 .debug_info    0x000064df     0x2b00 Device_Startup/system_samd21.o
 .debug_info    0x00008fdf     0x173b event.o
 .debug_info    0x0000a71a      0x1c7 font.o
 .debug_info    0x0000a8e1     0x1a73 main.o
 .debug_info    0x0000c354     0x3dbf spi.o
 .debug_info    0x00010113     0x3127 timer.o
 .debug_info    0x0001323a     0x10b8 video.o

.debug_abbrev   0x00000000     0x1681
 .debug_abbrev  0x00000000      0x194 buttons.o
 .debug_abbrev  0x00000194      0x27f counter.o
 .debug_abbrev  0x00000413      0x234 Device_Startup/startup_samd21.o
 .debug_abbrev  0x00000647      0x184 Device_Startup/system_samd21.o
 .debug_abbrev  0x000007cb      0x14e event.o
 .debug_abbrev  0x00000919       0xe5 font.o
 .debug_abbrev  0x000009fe      0x3d4 main.o
 .debug_abbrev  0x00000dd2      0x3eb spi.o
 .debug_abbrev  0x000011bd      0x1c8 timer.o
 .debug_abbrev  0x00001385      0x2fc video.o

.debug_loc      0x00000000     0x10ec
 .debug_loc     0x00000000       0x53 buttons.o
 .debug_loc     0x00000053       0xc5 counter.o
 .debug_loc     0x00000118       0x40 Device_Startup/startup_samd21.o
 .debug_loc     0x00000158       0x88 Device_Startup/system_samd21.o
 .debug_loc     0x000001e0       0x21 font.o
 .debug_loc     0x00000201      0x6a1 main.o
 .debug_loc     0x000008a2      0x1b0 spi.o
 .debug_loc     0x00000a52       0x20 timer.o
 .debug_loc     0x00000a72      0x67a video.o

.debug_aranges  0x00000000      0x258
 .debug_aranges
                0x00000000       0x30 buttons.o
 .debug_aranges
                0x00000030       0x40 counter.o
 .debug_aranges
                0x00000070       0x28 Device_Startup/startup_samd21.o
 .debug_aranges
                0x00000098       0x28 Device_Startup/system_samd21.o
 .debug_aranges
                0x000000c0       0x20 event.o
 .debug_aranges
                0x000000e0       0x20 font.o
 .debug_aranges
                0x00000100       0x58 main.o
 .debug_aranges
                0x00000158       0x70 spi.o
 .debug_aranges
                0x000001c8       0x38 timer.o
 .debug_aranges
                0x00000200       0x58 video.o

.debug_ranges   0x00000000      0x238
 .debug_ranges  0x00000000       0x20 buttons.o
 .debug_ranges  0x00000020       0x30 counter.o
 .debug_ranges  0x00000050       0x18 Device_Startup/startup_samd21.o
 .debug_ranges  0x00000068       0x18 Device_Startup/system_samd21.o
 .debug_ranges  0x00000080       0x10 event.o
 .debug_ranges  0x00000090       0x10 font.o
 .debug_ranges  0x000000a0       0x68 main.o
 .debug_ranges  0x00000108       0x60 spi.o
 .debug_ranges  0x00000168       0x28 timer.o
 .debug_ranges  0x00000190       0xa8 video.o

.debug_macro    0x00000000    0x13049
 .debug_macro   0x00000000      0x33a buttons.o
 .debug_macro   0x0000033a      0x89e buttons.o
 .debug_macro   0x00000bd8       0x22 buttons.o
 .debug_macro   0x00000bfa       0x87 buttons.o
 .debug_macro   0x00000c81       0x51 buttons.o
 .debug_macro   0x00000cd2       0xef buttons.o
 .debug_macro   0x00000dc1       0x6a buttons.o
 .debug_macro   0x00000e2b      0x1df buttons.o
 .debug_macro   0x0000100a       0x22 buttons.o
 .debug_macro   0x0000102c       0x46 buttons.o
 .debug_macro   0x00001072       0x3a buttons.o
 .debug_macro   0x000010ac       0x1f buttons.o
 .debug_macro   0x000010cb      0x250 buttons.o
 .debug_macro   0x0000131b      0x67d buttons.o
 .debug_macro   0x00001998      0x8b0 buttons.o
 .debug_macro   0x00002248      0x22e buttons.o
 .debug_macro   0x00002476      0xd5c buttons.o
 .debug_macro   0x000031d2      0x4c6 buttons.o
 .debug_macro   0x00003698      0x9f6 buttons.o
 .debug_macro   0x0000408e      0x82a buttons.o
 .debug_macro   0x000048b8      0x450 buttons.o
 .debug_macro   0x00004d08       0x5e buttons.o
 .debug_macro   0x00004d66      0x8f8 buttons.o
 .debug_macro   0x0000565e      0x21c buttons.o
 .debug_macro   0x0000587a      0x734 buttons.o
 .debug_macro   0x00005fae       0x5e buttons.o
 .debug_macro   0x0000600c      0x631 buttons.o
 .debug_macro   0x0000663d      0x3ab buttons.o
 .debug_macro   0x000069e8      0xc75 buttons.o
 .debug_macro   0x0000765d     0x1092 buttons.o
 .debug_macro   0x000086ef      0xc4a buttons.o
 .debug_macro   0x00009339      0x6ba buttons.o
 .debug_macro   0x000099f3     0x1b3c buttons.o
 .debug_macro   0x0000b52f     0x143b buttons.o
 .debug_macro   0x0000c96a      0x33f buttons.o
 .debug_macro   0x0000cca9       0x7c buttons.o
 .debug_macro   0x0000cd25       0xa0 buttons.o
 .debug_macro   0x0000cdc5       0x4c buttons.o
 .debug_macro   0x0000ce11       0xca buttons.o
 .debug_macro   0x0000cedb       0x94 buttons.o
 .debug_macro   0x0000cf6f       0x58 buttons.o
 .debug_macro   0x0000cfc7      0x340 buttons.o
 .debug_macro   0x0000d307       0x82 buttons.o
 .debug_macro   0x0000d389      0x188 buttons.o
 .debug_macro   0x0000d511       0xb8 buttons.o
 .debug_macro   0x0000d5c9       0xa0 buttons.o
 .debug_macro   0x0000d669       0xb2 buttons.o
 .debug_macro   0x0000d71b       0x1c buttons.o
 .debug_macro   0x0000d737       0x1c buttons.o
 .debug_macro   0x0000d753       0x1c buttons.o
 .debug_macro   0x0000d76f       0x7c buttons.o
 .debug_macro   0x0000d7eb      0x15a buttons.o
 .debug_macro   0x0000d945       0xdc buttons.o
 .debug_macro   0x0000da21      0x124 buttons.o
 .debug_macro   0x0000db45      0x124 buttons.o
 .debug_macro   0x0000dc69      0x124 buttons.o
 .debug_macro   0x0000dd8d      0x124 buttons.o
 .debug_macro   0x0000deb1      0x124 buttons.o
 .debug_macro   0x0000dfd5      0x124 buttons.o
 .debug_macro   0x0000e0f9      0x124 buttons.o
 .debug_macro   0x0000e21d       0xe2 buttons.o
 .debug_macro   0x0000e2ff       0xe2 buttons.o
 .debug_macro   0x0000e3e1       0xe2 buttons.o
 .debug_macro   0x0000e4c3      0x12a buttons.o
 .debug_macro   0x0000e5ed      0x100 buttons.o
 .debug_macro   0x0000e6ed       0xf4 buttons.o
 .debug_macro   0x0000e7e1      0x40f buttons.o
 .debug_macro   0x0000ebf0       0x40 buttons.o
 .debug_macro   0x0000ec30      0x376 buttons.o
 .debug_macro   0x0000efa6     0x17de buttons.o
 .debug_macro   0x00010784       0x6d buttons.o
 .debug_macro   0x000107f1      0x32f counter.o
 .debug_macro   0x00010b20       0x40 counter.o
 .debug_macro   0x00010b60      0x2e5 Device_Startup/startup_samd21.o
 .debug_macro   0x00010e45      0x315 Device_Startup/system_samd21.o
 .debug_macro   0x0001115a      0x2ef event.o
 .debug_macro   0x00011449      0x2ef font.o
 .debug_macro   0x00011738      0x3e9 main.o
 .debug_macro   0x00011b21       0x28 main.o
 .debug_macro   0x00011b49       0x52 main.o
 .debug_macro   0x00011b9b       0x35 main.o
 .debug_macro   0x00011bd0       0x9c main.o
 .debug_macro   0x00011c6c      0x16d main.o
 .debug_macro   0x00011dd9       0x52 main.o
 .debug_macro   0x00011e2b       0x1f main.o
 .debug_macro   0x00011e4a       0x43 main.o
 .debug_macro   0x00011e8d       0x20 main.o
 .debug_macro   0x00011ead      0x187 main.o
 .debug_macro   0x00012034      0x330 main.o
 .debug_macro   0x00012364      0x1e1 main.o
 .debug_macro   0x00012545      0x3fe spi.o
 .debug_macro   0x00012943       0x10 spi.o
 .debug_macro   0x00012953       0x35 spi.o
 .debug_macro   0x00012988      0x2ef timer.o
 .debug_macro   0x00012c77      0x3d2 video.o

.debug_line     0x00000000     0x4a20
 .debug_line    0x00000000      0x6e5 buttons.o
 .debug_line    0x000006e5      0x74c counter.o
 .debug_line    0x00000e31      0x6d6 Device_Startup/startup_samd21.o
 .debug_line    0x00001507      0x759 Device_Startup/system_samd21.o
 .debug_line    0x00001c60      0x6af event.o
 .debug_line    0x0000230f      0x6a2 font.o
 .debug_line    0x000029b1      0x8a1 main.o
 .debug_line    0x00003252      0x886 spi.o
 .debug_line    0x00003ad8      0x6f8 timer.o
 .debug_line    0x000041d0      0x850 video.o

.debug_str      0x00000000    0x71a1d
 .debug_str     0x00000000    0x6ad41 buttons.o
                              0x6b07f (size before relaxing)
 .debug_str     0x0006ad41      0x8d3 counter.o
                              0x6b7e3 (size before relaxing)
 .debug_str     0x0006b614     0x1027 Device_Startup/startup_samd21.o
                              0x6bed4 (size before relaxing)
 .debug_str     0x0006c63b      0x75a Device_Startup/system_samd21.o
                              0x6b976 (size before relaxing)
 .debug_str     0x0006cd95      0x23d event.o
                              0x6b2bf (size before relaxing)
 .debug_str     0x0006cfd2       0x6d font.o
                              0x6ad86 (size before relaxing)
 .debug_str     0x0006d03f     0x3941 main.o
                              0x6eab5 (size before relaxing)
 .debug_str     0x00070980      0x79b spi.o
                              0x6eaf3 (size before relaxing)
 .debug_str     0x0007111b      0x5c9 timer.o
                              0x6b895 (size before relaxing)
 .debug_str     0x000716e4      0x339 video.o
                              0x6b383 (size before relaxing)

.debug_frame    0x00000000      0x65c
 .debug_frame   0x00000000       0x40 buttons.o
 .debug_frame   0x00000040       0x70 counter.o
 .debug_frame   0x000000b0       0x40 Device_Startup/startup_samd21.o
 .debug_frame   0x000000f0       0x30 Device_Startup/system_samd21.o
 .debug_frame   0x00000120       0x20 event.o
 .debug_frame   0x00000140       0x20 font.o
 .debug_frame   0x00000160       0xdc main.o
 .debug_frame   0x0000023c       0xe0 spi.o
 .debug_frame   0x0000031c       0x58 timer.o
 .debug_frame   0x00000374      0x114 video.o
 .debug_frame   0x00000488       0x2c c:/program files (x86)/atmel/studio/7.0/toolchain/arm/arm-gnu-toolchain/bin/../lib/gcc/arm-none-eabi/6.2.1/../../../../arm-none-eabi/lib/thumb/v6-m\libc.a(lib_a-init.o)
 .debug_frame   0x000004b4       0x30 c:/program files (x86)/atmel/studio/7.0/toolchain/arm/arm-gnu-toolchain/bin/../lib/gcc/arm-none-eabi/6.2.1/../../../../arm-none-eabi/lib/thumb/v6-m\libc.a(lib_a-memcpy-stub.o)
 .debug_frame   0x000004e4       0x38 c:/program files (x86)/atmel/studio/7.0/toolchain/arm/arm-gnu-toolchain/bin/../lib/gcc/arm-none-eabi/6.2.1/../../../../arm-none-eabi/lib/thumb/v6-m\libc.a(lib_a-rand.o)
 .debug_frame   0x0000051c       0x28 c:/program files (x86)/atmel/studio/7.0/toolchain/arm/arm-gnu-toolchain/bin/../lib/gcc/arm-none-eabi/6.2.1/../../../../arm-none-eabi/lib/thumb/v6-m\libc.a(lib_a-strlen-stub.o)
 .debug_frame   0x00000544       0x54 c:/program files (x86)/atmel/studio/7.0/toolchain/arm/arm-gnu-toolchain/bin/../lib/gcc/arm-none-eabi/6.2.1/../../../../arm-none-eabi/lib/thumb/v6-m\libc.a(lib_a-__call_atexit.o)
 .debug_frame   0x00000598       0x28 c:/program files (x86)/atmel/studio/7.0/toolchain/arm/arm-gnu-toolchain/bin/../lib/gcc/arm-none-eabi/6.2.1/../../../../arm-none-eabi/lib/thumb/v6-m\libc.a(lib_a-atexit.o)
 .debug_frame   0x000005c0       0x2c c:/program files (x86)/atmel/studio/7.0/toolchain/arm/arm-gnu-toolchain/bin/../lib/gcc/arm-none-eabi/6.2.1/../../../../arm-none-eabi/lib/thumb/v6-m\libc.a(lib_a-fini.o)
 .debug_frame   0x000005ec       0x3c c:/program files (x86)/atmel/studio/7.0/toolchain/arm/arm-gnu-toolchain/bin/../lib/gcc/arm-none-eabi/6.2.1/../../../../arm-none-eabi/lib/thumb/v6-m\libc.a(lib_a-__atexit.o)
 .debug_frame   0x00000628       0x34 c:/program files (x86)/atmel/studio/7.0/toolchain/arm/arm-gnu-toolchain/bin/../lib/gcc/arm-none-eabi/6.2.1/thumb/v6-m\libgcc.a(_muldi3.o)
